/* The content of this file was generated using a modified C profile of libCellML 0.6.2. */

#pragma once

#include <stddef.h>

double * createStatesArray();
double * createVariablesArray();
void deleteArray(double *array);

void initialiseVariables(double *states, double *rates, double *variables);
void computeComputedConstants(double *variables);
void computeRates(double voi, double *states, double *rates, double *variables);
void computeVariables(double voi, double *states, double *rates, double *variables);
