/* The content of this file was generated using a modified C profile of libCellML 0.6.3. */

#include "customheaderfile.h"

double min(double x, double y)
{
    return (x < y)?x:y;
}

double max(double x, double y)
{
    return (x > y)?x:y;
}

double sec(double x)
{
    return 1.0/cos(x);
}

double csc(double x)
{
    return 1.0/sin(x);
}

double cot(double x)
{
    return 1.0/tan(x);
}

double sech(double x)
{
    return 1.0/cosh(x);
}

double csch(double x)
{
    return 1.0/sinh(x);
}

double coth(double x)
{
    return 1.0/tanh(x);
}

double asec(double x)
{
    return acos(1.0/x);
}

double acsc(double x)
{
    return asin(1.0/x);
}

double acot(double x)
{
    return atan(1.0/x);
}

double asech(double x)
{
    double oneOverX = 1.0/x;

    return log(oneOverX+sqrt(oneOverX*oneOverX-1.0));
}

double acsch(double x)
{
    double oneOverX = 1.0/x;

    return log(oneOverX+sqrt(oneOverX*oneOverX+1.0));
}

double acoth(double x)
{
    double oneOverX = 1.0/x;

    return 0.5*log((1.0+oneOverX)/(1.0-oneOverX));
}

typedef struct {
    double voi;
    double *states;
    double *rates;
    double *variables;
} RootFindingInfo;

extern void nlaSolve(void (*objectiveFunction)(double *, double *, void *),
                     double *u, size_t n, void *data);

void objectiveFunction0(double *u, double *f, void *data)
{
    double voi = ((RootFindingInfo *) data)->voi;
    double *states = ((RootFindingInfo *) data)->states;
    double *rates = ((RootFindingInfo *) data)->rates;
    double *variables = ((RootFindingInfo *) data)->variables;

    variables[205] = u[0];
    variables[206] = u[1];

    f[0] = variables[206]+variables[205]+states[0]-0.0;
    f[1] = variables[206]-variables[205]-(variables[208]+variables[207]);
}

void findRoot0(double voi, double *states, double *rates, double *variables)
{
    RootFindingInfo rfi = { voi, states, rates, variables };
    double u[2];

    u[0] = variables[205];
    u[1] = variables[206];

    nlaSolve(objectiveFunction0, u, 2, &rfi);

    variables[205] = u[0];
    variables[206] = u[1];
}

void initialiseVariables(double *states, double *rates, double *variables)
{
    variables[0] = 2.0;
    variables[1] = 1.0;
    variables[5] = 3.0;
    variables[17] = 4.0;
    variables[178] = 5.0;
    variables[179] = 6.0;
    variables[181] = 7.0;
    variables[205] = 2.0;
    variables[206] = 1.0;
    variables[184] = 123.0;
    variables[185] = 123.456789;
    variables[186] = 123.0e99;
    variables[187] = 123.456789e99;
    variables[189] = 1.0;
    variables[190] = 0.0;
    variables[191] = 2.71828182845905;
    variables[192] = 3.14159265358979;
    variables[193] = INFINITY;
    variables[194] = NAN;
    variables[208] = 1.0;
    variables[207] = 3.0;
    states[0] = 0.0;
}

void computeComputedConstants(double *variables)
{
    variables[2] = variables[1] == variables[0];
    variables[3] = variables[1]/(variables[0] == variables[0]);
    variables[4] = variables[1] != variables[0];
    variables[6] = variables[1]/(variables[0] != variables[5]);
    variables[7] = variables[1] < variables[0];
    variables[8] = variables[1]/(variables[0] < variables[5]);
    variables[9] = variables[1] <= variables[0];
    variables[10] = variables[1]/(variables[0] <= variables[5]);
    variables[11] = variables[1] > variables[0];
    variables[12] = variables[1]/(variables[0] > variables[5]);
    variables[13] = variables[1] >= variables[0];
    variables[14] = variables[1]/(variables[0] >= variables[5]);
    variables[15] = variables[1] && variables[0];
    variables[16] = variables[1] && variables[0] && variables[5];
    variables[18] = (variables[1] < variables[0]) && (variables[5] > variables[17]);
    variables[19] = (variables[1]+variables[0]) && (variables[5] > variables[17]);
    variables[20] = variables[1] && (variables[0] > variables[5]);
    variables[21] = (variables[1]-variables[0]) && (variables[5] > variables[17]);
    variables[22] = -variables[1] && (variables[0] > variables[5]);
    variables[23] = (variables[1]^^variables[0]) && (variables[5] > variables[17]);
    variables[24] = (variables[1]^^(1.0/variables[0])) && (variables[5] > variables[17]);
    variables[25] = (variables[1] < variables[0]) && (variables[5]+variables[17]);
    variables[26] = (variables[1] < variables[0]) && variables[5];
    variables[27] = (variables[1] < variables[0]) && (variables[5]-variables[17]);
    variables[28] = (variables[1] < variables[0]) && -variables[5];
    variables[29] = (variables[1] < variables[0]) && (variables[5]^^variables[17]);
    variables[30] = (variables[1] < variables[0]) && (variables[5]^^(1.0/variables[17]));
    variables[31] = variables[1]/(variables[0] && variables[5]);
    variables[32] = variables[1] || variables[0];
    variables[33] = variables[1] || variables[0] || variables[5];
    variables[34] = (variables[1] < variables[0]) || (variables[5] > variables[17]);
    variables[35] = (variables[1]+variables[0]) || (variables[5] > variables[17]);
    variables[36] = variables[1] || (variables[0] > variables[5]);
    variables[37] = (variables[1]-variables[0]) || (variables[5] > variables[17]);
    variables[38] = -variables[1] || (variables[0] > variables[5]);
    variables[39] = (variables[1]^^variables[0]) || (variables[5] > variables[17]);
    variables[40] = (variables[1]^^(1.0/variables[0])) || (variables[5] > variables[17]);
    variables[41] = (variables[1] < variables[0]) || (variables[5]+variables[17]);
    variables[42] = (variables[1] < variables[0]) || variables[5];
    variables[43] = (variables[1] < variables[0]) || (variables[5]-variables[17]);
    variables[44] = (variables[1] < variables[0]) || -variables[5];
    variables[45] = (variables[1] < variables[0]) || (variables[5]^^variables[17]);
    variables[46] = (variables[1] < variables[0]) || (variables[5]^^(1.0/variables[17]));
    variables[47] = variables[1]/(variables[0] || variables[5]);
    variables[48] = variables[1]^variables[0];
    variables[49] = variables[1]^variables[0]^variables[5];
    variables[50] = (variables[1] < variables[0])^(variables[5] > variables[17]);
    variables[51] = (variables[1]+variables[0])^(variables[5] > variables[17]);
    variables[52] = variables[1]^(variables[0] > variables[5]);
    variables[53] = (variables[1]-variables[0])^(variables[5] > variables[17]);
    variables[54] = -variables[1]^(variables[0] > variables[5]);
    variables[55] = (variables[1]^^variables[0])^(variables[5] > variables[17]);
    variables[56] = (variables[1]^^(1.0/variables[0]))^(variables[5] > variables[17]);
    variables[57] = (variables[1] < variables[0])^(variables[5]+variables[17]);
    variables[58] = (variables[1] < variables[0])^variables[5];
    variables[59] = (variables[1] < variables[0])^(variables[5]-variables[17]);
    variables[60] = (variables[1] < variables[0])^-variables[5];
    variables[61] = (variables[1] < variables[0])^(variables[5]^^variables[17]);
    variables[62] = (variables[1] < variables[0])^(variables[5]^^(1.0/variables[17]));
    variables[63] = variables[1]/(variables[0]^variables[5]);
    variables[64] = !variables[1];
    variables[65] = variables[1]+variables[0];
    variables[66] = variables[1]+variables[0]+variables[5];
    variables[67] = (variables[1] < variables[0])+(variables[5] > variables[17]);
    variables[68] = variables[1];
    variables[69] = variables[1]-variables[0];
    variables[70] = (variables[1] < variables[0])-(variables[5] > variables[17]);
    variables[71] = (variables[1] < variables[0])-(variables[5]+variables[17]);
    variables[72] = (variables[1] < variables[0])-variables[5];
    variables[73] = variables[1]-(-variables[0]);
    variables[74] = variables[1]-(-variables[0]*variables[5]);
    variables[75] = -variables[1];
    variables[76] = -(variables[1] < variables[0]);
    variables[77] = variables[1]*variables[0];
    variables[78] = variables[1]*variables[0]*variables[5];
    variables[79] = (variables[1] < variables[0])*(variables[5] > variables[17]);
    variables[80] = (variables[1]+variables[0])*(variables[5] > variables[17]);
    variables[81] = variables[1]*(variables[0] > variables[5]);
    variables[82] = (variables[1]-variables[0])*(variables[5] > variables[17]);
    variables[83] = -variables[1]*(variables[0] > variables[5]);
    variables[84] = (variables[1] < variables[0])*(variables[5]+variables[17]);
    variables[85] = (variables[1] < variables[0])*variables[5];
    variables[86] = (variables[1] < variables[0])*(variables[5]-variables[17]);
    variables[87] = (variables[1] < variables[0])*-variables[5];
    variables[88] = variables[1]/variables[0];
    variables[89] = (variables[1] < variables[0])/(variables[17] > variables[5]);
    variables[90] = (variables[1]+variables[0])/(variables[17] > variables[5]);
    variables[91] = variables[1]/(variables[5] > variables[0]);
    variables[92] = (variables[1]-variables[0])/(variables[17] > variables[5]);
    variables[93] = -variables[1]/(variables[5] > variables[0]);
    variables[94] = (variables[1] < variables[0])/(variables[5]+variables[17]);
    variables[95] = (variables[1] < variables[0])/variables[5];
    variables[96] = (variables[1] < variables[0])/(variables[5]-variables[17]);
    variables[97] = (variables[1] < variables[0])/-variables[5];
    variables[98] = (variables[1] < variables[0])/(variables[5]*variables[17]);
    variables[99] = (variables[1] < variables[0])/(variables[5]/variables[17]);
    variables[100] = sqrt(variables[1]);
    variables[101] = sqr(variables[1]);
    variables[102] = variables[1]^^3.0;
    variables[103] = variables[1]^^variables[0];
    variables[104] = (variables[1] <= variables[0])^^(variables[5] >= variables[17]);
    variables[105] = (variables[1]+variables[0])^^(variables[5] >= variables[17]);
    variables[106] = variables[1]^^(variables[0] >= variables[5]);
    variables[107] = (variables[1]-variables[0])^^(variables[5] >= variables[17]);
    variables[108] = (-variables[1])^^(variables[0] >= variables[5]);
    variables[109] = (variables[1]*variables[0])^^(variables[5] >= variables[17]);
    variables[110] = (variables[1]/variables[0])^^(variables[5] >= variables[17]);
    variables[111] = (variables[1] <= variables[0])^^(variables[5]+variables[17]);
    variables[112] = (variables[1] <= variables[0])^^variables[5];
    variables[113] = (variables[1] <= variables[0])^^variables[5]-variables[17];
    variables[114] = (variables[1] <= variables[0])^^-variables[5];
    variables[115] = (variables[1] <= variables[0])^^(variables[5]*variables[17]);
    variables[116] = (variables[1] <= variables[0])^^(variables[5]/variables[17]);
    variables[117] = (variables[1] <= variables[0])^^(variables[5]^^variables[17]);
    variables[118] = (variables[1] <= variables[0])^^(variables[5]^^(1.0/variables[17]));
    variables[119] = sqrt(variables[1]);
    variables[120] = sqrt(variables[1]);
    variables[121] = variables[1]^^(1.0/3.0);
    variables[122] = variables[1]^^(1.0/variables[0]);
    variables[123] = (variables[1] < variables[0])^^(1.0/(variables[17] > variables[5]));
    variables[124] = (variables[1]+variables[0])^^(1.0/(variables[17] > variables[5]));
    variables[125] = variables[1]^^(1.0/(variables[5] > variables[0]));
    variables[126] = (variables[1]-variables[0])^^(1.0/(variables[17] > variables[5]));
    variables[127] = (-variables[1])^^(1.0/(variables[5] > variables[0]));
    variables[128] = (variables[1]*variables[0])^^(1.0/(variables[17] > variables[5]));
    variables[129] = (variables[1]/variables[0])^^(1.0/(variables[17] > variables[5]));
    variables[130] = (variables[1] < variables[0])^^(1.0/(variables[5]+variables[17]));
    variables[131] = (variables[1] < variables[0])^^(1.0/variables[5]);
    variables[132] = (variables[1] < variables[0])^^(1.0/(variables[5]-variables[17]));
    variables[133] = (variables[1] < variables[0])^^(1.0/(-variables[5]));
    variables[134] = (variables[1] < variables[0])^^(1.0/(variables[5]*variables[17]));
    variables[135] = (variables[1] < variables[0])^^(1.0/(variables[5]/variables[17]));
    variables[136] = (variables[1] < variables[0])^^(1.0/(variables[5]^^variables[17]));
    variables[137] = (variables[1] < variables[0])^^(1.0/(variables[5]^^(1.0/variables[17])));
    variables[138] = fabs(variables[1]);
    variables[139] = exp(variables[1]);
    variables[140] = log(variables[1]);
    variables[141] = log10(variables[1]);
    variables[142] = log(variables[1])/log(2.0);
    variables[143] = log10(variables[1]);
    variables[144] = log(variables[1])/log(variables[0]);
    variables[145] = ceil(variables[1]);
    variables[146] = floor(variables[1]);
    variables[147] = min(variables[1], variables[0]);
    variables[148] = min(variables[1], min(variables[0], variables[5]));
    variables[149] = max(variables[1], variables[0]);
    variables[150] = max(variables[1], max(variables[0], variables[5]));
    variables[151] = fmod(variables[1], variables[0]);
    variables[152] = sin(variables[1]);
    variables[153] = cos(variables[1]);
    variables[154] = tan(variables[1]);
    variables[155] = sec(variables[1]);
    variables[156] = csc(variables[1]);
    variables[157] = cot(variables[1]);
    variables[158] = sinh(variables[1]);
    variables[159] = cosh(variables[1]);
    variables[160] = tanh(variables[1]);
    variables[161] = sech(variables[1]);
    variables[162] = csch(variables[1]);
    variables[163] = coth(variables[1]);
    variables[164] = asin(variables[1]);
    variables[165] = acos(variables[1]);
    variables[166] = atan(variables[1]);
    variables[167] = asec(variables[1]);
    variables[168] = acsc(variables[1]);
    variables[169] = acot(variables[1]);
    variables[170] = asinh(variables[1]);
    variables[171] = acosh(variables[1]);
    variables[172] = atanh(variables[1]/2.0);
    variables[173] = asech(variables[1]);
    variables[174] = acsch(variables[1]);
    variables[175] = acoth(2.0*variables[1]);
    variables[176] = piecewise(variables[1] > variables[0], variables[1], NAN);
    variables[177] = piecewise(variables[1] > variables[0], variables[1], variables[5]);
    variables[180] = piecewise(variables[1] > variables[0], variables[1], piecewise(variables[5] > variables[17], variables[5], piecewise(variables[178] > variables[179], variables[178], NAN)));
    variables[182] = piecewise(variables[1] > variables[0], variables[1], piecewise(variables[5] > variables[17], variables[5], piecewise(variables[178] > variables[179], variables[178], variables[181])));
    variables[183] = 123.0+piecewise(variables[1] > variables[0], variables[1], NAN);
    variables[188] = variables[1];
    variables[195] = (variables[1] && variables[0])+piecewise(variables[5] > variables[17], variables[0], NAN)+variables[178]+(variables[179] && variables[181]);
    variables[196] = (variables[1] && variables[0])-(piecewise(variables[5] > variables[17], variables[0], NAN)-(variables[178]-piecewise(variables[5] > variables[17], variables[0], NAN)))-(variables[179] && variables[181]);
    variables[197] = (variables[1] && variables[0])*piecewise(variables[5] > variables[17], variables[0], NAN)*variables[178]*piecewise(variables[5] > variables[17], variables[0], NAN)*(variables[179] && variables[181]);
    variables[198] = (variables[1] && variables[0])/(piecewise(variables[5] > variables[17], variables[0], NAN)/(variables[178]/piecewise(variables[5] > variables[17], variables[0], NAN)));
    variables[199] = (variables[1] || variables[0]) && (variables[1]^variables[0]) && piecewise(variables[5] > variables[17], variables[0], NAN) && variables[178] && piecewise(variables[5] > variables[17], variables[0], NAN) && (variables[1]^variables[0]) && (variables[1] || variables[0]);
    variables[200] = (variables[1] && variables[0]) || (variables[1]^variables[0]) || piecewise(variables[5] > variables[17], variables[0], NAN) || variables[178] || piecewise(variables[5] > variables[17], variables[0], NAN) || (variables[1]^variables[0]) || (variables[1] && variables[0]);
    variables[201] = (variables[1] && variables[0])^(variables[1] || variables[0])^piecewise(variables[5] > variables[17], variables[0], NAN)^variables[178]^piecewise(variables[5] > variables[17], variables[0], NAN)^(variables[1] || variables[0])^(variables[1] && variables[0]);
    variables[202] = (variables[1] && variables[0])^^(piecewise(variables[5] > variables[17], variables[0], NAN)^^(variables[178]^^piecewise(variables[5] > variables[17], variables[0], NAN)^^(variables[1] && variables[0])));
    variables[203] = (variables[1] && variables[0])^^(1.0/(piecewise(variables[5] > variables[17], variables[0], NAN)^^(1.0/variables[178])))^^(1.0/piecewise(variables[5] > variables[17], variables[0], NAN))^^(1.0/(variables[1] && variables[0]));
    variables[204] = -(variables[1] && variables[0])+-piecewise(variables[5] > variables[17], variables[0], NAN);
}

void computeRates(double voi, double *states, double *rates, double *variables)
{
    rates[0] = 1.0;
}
