/* The content of this file was generated using a modified C profile of libCellML 0.2.0. */

double xor(double x, double y)
{
    return (x != 0.0) ^ (y != 0.0);
}

double min(double x, double y)
{
    return (x < y)?x:y;
}

double max(double x, double y)
{
    return (x > y)?x:y;
}

double sec(double x)
{
    return 1.0/cos(x);
}

double csc(double x)
{
    return 1.0/sin(x);
}

double cot(double x)
{
    return 1.0/tan(x);
}

double sech(double x)
{
    return 1.0/cosh(x);
}

double csch(double x)
{
    return 1.0/sinh(x);
}

double coth(double x)
{
    return 1.0/tanh(x);
}

double asec(double x)
{
    return acos(1.0/x);
}

double acsc(double x)
{
    return asin(1.0/x);
}

double acot(double x)
{
    return atan(1.0/x);
}

double asech(double x)
{
    double oneOverX = 1.0/x;

    return log(oneOverX+sqrt(oneOverX*oneOverX-1.0));
}

double acsch(double x)
{
    double oneOverX = 1.0/x;

    return log(oneOverX+sqrt(oneOverX*oneOverX+1.0));
}

double acoth(double x)
{
    double oneOverX = 1.0/x;

    return 0.5*log((1.0+oneOverX)/(1.0-oneOverX));
}

double * createStatesArray()
{
    return (double *) malloc(STATE_COUNT*sizeof(double));
}

double * createVariablesArray()
{
    return (double *) malloc(VARIABLE_COUNT*sizeof(double));
}

void deleteArray(double *array)
{
    free(array);
}

void initializeStatesAndConstants(double *states, double *variables)
{
    variables[0] = 1.0;
    variables[1] = 2.0;
    variables[2] = 3.0;
    variables[3] = 4.0;
    variables[4] = 5.0;
    variables[5] = 6.0;
    variables[6] = 7.0;
    variables[175] = 123.0;
    variables[176] = 123.456789;
    variables[177] = 123.0e99;
    variables[178] = 123.456789e99;
    variables[180] = 1.0;
    variables[181] = 0.0;
    variables[182] = 2.71828182845905;
    variables[183] = 3.14159265358979;
    variables[184] = INFINITY;
    variables[185] = NAN;
    states[0] = 0.0;
}

void computeComputedConstants(double *variables)
{
    variables[7] = eq(variables[0], variables[1]);
    variables[8] = variables[0]/eq(variables[1], variables[1]);
    variables[9] = neq(variables[0], variables[1]);
    variables[10] = variables[0]/neq(variables[1], variables[2]);
    variables[11] = lt(variables[0], variables[1]);
    variables[12] = leq(variables[0], variables[1]);
    variables[13] = gt(variables[0], variables[1]);
    variables[14] = geq(variables[0], variables[1]);
    variables[15] = and(variables[0], variables[1]);
    variables[16] = and(variables[0], and(variables[1], variables[2]));
    variables[17] = and(lt(variables[0], variables[1]), gt(variables[2], variables[3]));
    variables[18] = and(variables[0]+variables[1], gt(variables[2], variables[3]));
    variables[19] = and(variables[0], gt(variables[1], variables[2]));
    variables[20] = and(variables[0]-variables[1], gt(variables[2], variables[3]));
    variables[21] = and(-variables[0], gt(variables[1], variables[2]));
    variables[22] = and(pow(variables[0], variables[1]), gt(variables[2], variables[3]));
    variables[23] = and(pow(variables[0], 1.0/variables[1]), gt(variables[2], variables[3]));
    variables[24] = and(lt(variables[0], variables[1]), variables[2]+variables[3]);
    variables[25] = and(lt(variables[0], variables[1]), variables[2]);
    variables[26] = and(lt(variables[0], variables[1]), variables[2]-variables[3]);
    variables[27] = and(lt(variables[0], variables[1]), -variables[2]);
    variables[28] = and(lt(variables[0], variables[1]), pow(variables[2], variables[3]));
    variables[29] = and(lt(variables[0], variables[1]), pow(variables[2], 1.0/variables[3]));
    variables[30] = or(variables[0], variables[1]);
    variables[31] = or(variables[0], or(variables[1], variables[2]));
    variables[32] = or(lt(variables[0], variables[1]), gt(variables[2], variables[3]));
    variables[33] = or(variables[0]+variables[1], gt(variables[2], variables[3]));
    variables[34] = or(variables[0], gt(variables[1], variables[2]));
    variables[35] = or(variables[0]-variables[1], gt(variables[2], variables[3]));
    variables[36] = or(-variables[0], gt(variables[1], variables[2]));
    variables[37] = or(pow(variables[0], variables[1]), gt(variables[2], variables[3]));
    variables[38] = or(pow(variables[0], 1.0/variables[1]), gt(variables[2], variables[3]));
    variables[39] = or(lt(variables[0], variables[1]), variables[2]+variables[3]);
    variables[40] = or(lt(variables[0], variables[1]), variables[2]);
    variables[41] = or(lt(variables[0], variables[1]), variables[2]-variables[3]);
    variables[42] = or(lt(variables[0], variables[1]), -variables[2]);
    variables[43] = or(lt(variables[0], variables[1]), pow(variables[2], variables[3]));
    variables[44] = or(lt(variables[0], variables[1]), pow(variables[2], 1.0/variables[3]));
    variables[45] = xor(variables[0], variables[1]);
    variables[46] = xor(variables[0], xor(variables[1], variables[2]));
    variables[47] = xor(lt(variables[0], variables[1]), gt(variables[2], variables[3]));
    variables[48] = xor(variables[0]+variables[1], gt(variables[2], variables[3]));
    variables[49] = xor(variables[0], gt(variables[1], variables[2]));
    variables[50] = xor(variables[0]-variables[1], gt(variables[2], variables[3]));
    variables[51] = xor(-variables[0], gt(variables[1], variables[2]));
    variables[52] = xor(pow(variables[0], variables[1]), gt(variables[2], variables[3]));
    variables[53] = xor(pow(variables[0], 1.0/variables[1]), gt(variables[2], variables[3]));
    variables[54] = xor(lt(variables[0], variables[1]), variables[2]+variables[3]);
    variables[55] = xor(lt(variables[0], variables[1]), variables[2]);
    variables[56] = xor(lt(variables[0], variables[1]), variables[2]-variables[3]);
    variables[57] = xor(lt(variables[0], variables[1]), -variables[2]);
    variables[58] = xor(lt(variables[0], variables[1]), pow(variables[2], variables[3]));
    variables[59] = xor(lt(variables[0], variables[1]), pow(variables[2], 1.0/variables[3]));
    variables[60] = not(variables[0]);
    variables[61] = variables[0]+variables[1];
    variables[62] = variables[0]+variables[1]+variables[2];
    variables[63] = lt(variables[0], variables[1])+gt(variables[2], variables[3]);
    variables[64] = variables[0];
    variables[65] = variables[0]-variables[1];
    variables[66] = lt(variables[0], variables[1])-gt(variables[2], variables[3]);
    variables[67] = lt(variables[0], variables[1])-(variables[2]+variables[3]);
    variables[68] = lt(variables[0], variables[1])-variables[2];
    variables[69] = -variables[0];
    variables[70] = -lt(variables[0], variables[1]);
    variables[71] = variables[0]*variables[1];
    variables[72] = variables[0]*variables[1]*variables[2];
    variables[73] = lt(variables[0], variables[1])*gt(variables[2], variables[3]);
    variables[74] = (variables[0]+variables[1])*gt(variables[2], variables[3]);
    variables[75] = variables[0]*gt(variables[1], variables[2]);
    variables[76] = (variables[0]-variables[1])*gt(variables[2], variables[3]);
    variables[77] = -variables[0]*gt(variables[1], variables[2]);
    variables[78] = lt(variables[0], variables[1])*(variables[2]+variables[3]);
    variables[79] = lt(variables[0], variables[1])*variables[2];
    variables[80] = lt(variables[0], variables[1])*(variables[2]-variables[3]);
    variables[81] = lt(variables[0], variables[1])*-variables[2];
    variables[82] = variables[0]/variables[1];
    variables[83] = lt(variables[0], variables[1])/gt(variables[3], variables[2]);
    variables[84] = (variables[0]+variables[1])/gt(variables[3], variables[2]);
    variables[85] = variables[0]/gt(variables[2], variables[1]);
    variables[86] = (variables[0]-variables[1])/gt(variables[3], variables[2]);
    variables[87] = -variables[0]/gt(variables[2], variables[1]);
    variables[88] = lt(variables[0], variables[1])/(variables[2]+variables[3]);
    variables[89] = lt(variables[0], variables[1])/variables[2];
    variables[90] = lt(variables[0], variables[1])/(variables[2]-variables[3]);
    variables[91] = lt(variables[0], variables[1])/-variables[2];
    variables[92] = lt(variables[0], variables[1])/(variables[2]*variables[3]);
    variables[93] = lt(variables[0], variables[1])/(variables[2]/variables[3]);
    variables[94] = sqrt(variables[0]);
    variables[95] = pow(variables[0], 2.0);
    variables[96] = pow(variables[0], 3.0);
    variables[97] = pow(variables[0], variables[1]);
    variables[98] = pow(lt(variables[0], variables[1]), gt(variables[2], variables[3]));
    variables[99] = pow(variables[0]+variables[1], gt(variables[2], variables[3]));
    variables[100] = pow(variables[0], gt(variables[1], variables[2]));
    variables[101] = pow(variables[0]-variables[1], gt(variables[2], variables[3]));
    variables[102] = pow(-variables[0], gt(variables[1], variables[2]));
    variables[103] = pow(variables[0]*variables[1], gt(variables[2], variables[3]));
    variables[104] = pow(variables[0]/variables[1], gt(variables[2], variables[3]));
    variables[105] = pow(lt(variables[0], variables[1]), variables[2]+variables[3]);
    variables[106] = pow(lt(variables[0], variables[1]), variables[2]);
    variables[107] = pow(lt(variables[0], variables[1]), variables[2]-variables[3]);
    variables[108] = pow(lt(variables[0], variables[1]), -variables[2]);
    variables[109] = pow(lt(variables[0], variables[1]), variables[2]*variables[3]);
    variables[110] = pow(lt(variables[0], variables[1]), variables[2]/variables[3]);
    variables[111] = pow(lt(variables[0], variables[1]), pow(variables[2], variables[3]));
    variables[112] = pow(lt(variables[0], variables[1]), pow(variables[2], 1.0/variables[3]));
    variables[113] = sqrt(variables[0]);
    variables[114] = sqrt(variables[0]);
    variables[115] = pow(variables[0], 1.0/3.0);
    variables[116] = pow(variables[0], 1.0/variables[1]);
    variables[117] = pow(lt(variables[0], variables[1]), 1.0/gt(variables[3], variables[2]));
    variables[118] = pow(variables[0]+variables[1], 1.0/gt(variables[3], variables[2]));
    variables[119] = pow(variables[0], 1.0/gt(variables[2], variables[1]));
    variables[120] = pow(variables[0]-variables[1], 1.0/gt(variables[3], variables[2]));
    variables[121] = pow(-variables[0], 1.0/gt(variables[2], variables[1]));
    variables[122] = pow(variables[0]*variables[1], 1.0/gt(variables[3], variables[2]));
    variables[123] = pow(variables[0]/variables[1], 1.0/gt(variables[3], variables[2]));
    variables[124] = pow(lt(variables[0], variables[1]), 1.0/(variables[2]+variables[3]));
    variables[125] = pow(lt(variables[0], variables[1]), 1.0/variables[2]);
    variables[126] = pow(lt(variables[0], variables[1]), 1.0/(variables[2]-variables[3]));
    variables[127] = pow(lt(variables[0], variables[1]), 1.0/-variables[2]);
    variables[128] = pow(lt(variables[0], variables[1]), 1.0/(variables[2]*variables[3]));
    variables[129] = pow(lt(variables[0], variables[1]), 1.0/(variables[2]/variables[3]));
    variables[130] = pow(lt(variables[0], variables[1]), 1.0/pow(variables[2], variables[3]));
    variables[131] = pow(lt(variables[0], variables[1]), 1.0/pow(variables[2], 1.0/variables[3]));
    variables[132] = fabs(variables[0]);
    variables[133] = exp(variables[0]);
    variables[134] = log(variables[0]);
    variables[135] = log10(variables[0]);
    variables[136] = log(variables[0])/log(2.0);
    variables[137] = log10(variables[0]);
    variables[138] = log(variables[0])/log(variables[1]);
    variables[139] = ceil(variables[0]);
    variables[140] = floor(variables[0]);
    variables[141] = min(variables[0], variables[1]);
    variables[142] = min(variables[0], min(variables[1], variables[2]));
    variables[143] = max(variables[0], variables[1]);
    variables[144] = max(variables[0], max(variables[1], variables[2]));
    variables[145] = fmod(variables[0], variables[1]);
    variables[146] = sin(variables[0]);
    variables[147] = cos(variables[0]);
    variables[148] = tan(variables[0]);
    variables[149] = sec(variables[0]);
    variables[150] = csc(variables[0]);
    variables[151] = cot(variables[0]);
    variables[152] = sinh(variables[0]);
    variables[153] = cosh(variables[0]);
    variables[154] = tanh(variables[0]);
    variables[155] = sech(variables[0]);
    variables[156] = csch(variables[0]);
    variables[157] = coth(variables[0]);
    variables[158] = asin(variables[0]);
    variables[159] = acos(variables[0]);
    variables[160] = atan(variables[0]);
    variables[161] = asec(variables[0]);
    variables[162] = acsc(variables[0]);
    variables[163] = acot(variables[0]);
    variables[164] = asinh(variables[0]);
    variables[165] = acosh(variables[0]);
    variables[166] = atanh(variables[0]/2.0);
    variables[167] = asech(variables[0]);
    variables[168] = acsch(variables[0]);
    variables[169] = acoth(2.0*variables[0]);
    variables[170] = (gt(variables[0], variables[1]))?variables[0]:NAN;
    variables[171] = (gt(variables[0], variables[1]))?variables[0]:variables[2];
    variables[172] = (gt(variables[0], variables[1]))?variables[0]:(gt(variables[2], variables[3]))?variables[2]:(gt(variables[4], variables[5]))?variables[4]:NAN;
    variables[173] = (gt(variables[0], variables[1]))?variables[0]:(gt(variables[2], variables[3]))?variables[2]:(gt(variables[4], variables[5]))?variables[4]:variables[6];
    variables[174] = 123.0+((gt(variables[0], variables[1]))?variables[0]:NAN);
    variables[179] = variables[0];
}

void computeRates(double voi, double *states, double *rates, double *variables)
{
    rates[0] = 1.0;
}

void computeVariables(double voi, double *states, double *rates, double *variables)
{
}
