/* The content of this file was generated using a modified C profile of libCellML 0.2.0. */

#include "customheaderfile.h"

double min(double x, double y)
{
    return (x < y)?x:y;
}

double max(double x, double y)
{
    return (x > y)?x:y;
}

double sec(double x)
{
    return 1.0/cos(x);
}

double csc(double x)
{
    return 1.0/sin(x);
}

double cot(double x)
{
    return 1.0/tan(x);
}

double sech(double x)
{
    return 1.0/cosh(x);
}

double csch(double x)
{
    return 1.0/sinh(x);
}

double coth(double x)
{
    return 1.0/tanh(x);
}

double asec(double x)
{
    return acos(1.0/x);
}

double acsc(double x)
{
    return asin(1.0/x);
}

double acot(double x)
{
    return atan(1.0/x);
}

double asech(double x)
{
    double oneOverX = 1.0/x;

    return log(oneOverX+sqrt(oneOverX*oneOverX-1.0));
}

double acsch(double x)
{
    double oneOverX = 1.0/x;

    return log(oneOverX+sqrt(oneOverX*oneOverX+1.0));
}

double acoth(double x)
{
    double oneOverX = 1.0/x;

    return 0.5*log((1.0+oneOverX)/(1.0-oneOverX));
}

void initializeStatesAndConstants(double *states, double *variables)
{
    variables[0] = 1.0;
    variables[1] = 2.0;
    variables[2] = 3.0;
    variables[3] = 4.0;
    variables[4] = 5.0;
    variables[5] = 6.0;
    variables[6] = 7.0;
    variables[175] = 123.0;
    variables[176] = 123.456789;
    variables[177] = 123.0e99;
    variables[178] = 123.456789e99;
    variables[180] = 1.0;
    variables[181] = 0.0;
    variables[182] = 2.71828182845905;
    variables[183] = 3.14159265358979;
    variables[184] = INFINITY;
    variables[185] = NAN;
    states[0] = 0.0;
}

void computeComputedConstants(double *variables)
{
    variables[7] = variables[0] == variables[1];
    variables[8] = variables[0]/(variables[1] == variables[1]);
    variables[9] = variables[0] != variables[1];
    variables[10] = variables[0]/(variables[1] != variables[2]);
    variables[11] = variables[0] < variables[1];
    variables[12] = variables[0] <= variables[1];
    variables[13] = variables[0] > variables[1];
    variables[14] = variables[0] >= variables[1];
    variables[15] = variables[0] && variables[1];
    variables[16] = variables[0] && variables[1] && variables[2];
    variables[17] = (variables[0] < variables[1]) && (variables[2] > variables[3]);
    variables[18] = (variables[0]+variables[1]) && (variables[2] > variables[3]);
    variables[19] = variables[0] && (variables[1] > variables[2]);
    variables[20] = (variables[0]-variables[1]) && (variables[2] > variables[3]);
    variables[21] = -variables[0] && (variables[1] > variables[2]);
    variables[22] = (variables[0]^^variables[1]) && (variables[2] > variables[3]);
    variables[23] = (variables[0]^^(1.0/variables[1])) && (variables[2] > variables[3]);
    variables[24] = (variables[0] < variables[1]) && (variables[2]+variables[3]);
    variables[25] = (variables[0] < variables[1]) && variables[2];
    variables[26] = (variables[0] < variables[1]) && (variables[2]-variables[3]);
    variables[27] = (variables[0] < variables[1]) && -variables[2];
    variables[28] = (variables[0] < variables[1]) && (variables[2]^^variables[3]);
    variables[29] = (variables[0] < variables[1]) && (variables[2]^^(1.0/variables[3]));
    variables[30] = variables[0] || variables[1];
    variables[31] = variables[0] || variables[1] || variables[2];
    variables[32] = (variables[0] < variables[1]) || (variables[2] > variables[3]);
    variables[33] = (variables[0]+variables[1]) || (variables[2] > variables[3]);
    variables[34] = variables[0] || (variables[1] > variables[2]);
    variables[35] = (variables[0]-variables[1]) || (variables[2] > variables[3]);
    variables[36] = -variables[0] || (variables[1] > variables[2]);
    variables[37] = (variables[0]^^variables[1]) || (variables[2] > variables[3]);
    variables[38] = (variables[0]^^(1.0/variables[1])) || (variables[2] > variables[3]);
    variables[39] = (variables[0] < variables[1]) || (variables[2]+variables[3]);
    variables[40] = (variables[0] < variables[1]) || variables[2];
    variables[41] = (variables[0] < variables[1]) || (variables[2]-variables[3]);
    variables[42] = (variables[0] < variables[1]) || -variables[2];
    variables[43] = (variables[0] < variables[1]) || (variables[2]^^variables[3]);
    variables[44] = (variables[0] < variables[1]) || (variables[2]^^(1.0/variables[3]));
    variables[45] = variables[0]^variables[1];
    variables[46] = variables[0]^variables[1]^variables[2];
    variables[47] = (variables[0] < variables[1])^(variables[2] > variables[3]);
    variables[48] = (variables[0]+variables[1])^(variables[2] > variables[3]);
    variables[49] = variables[0]^(variables[1] > variables[2]);
    variables[50] = (variables[0]-variables[1])^(variables[2] > variables[3]);
    variables[51] = -variables[0]^(variables[1] > variables[2]);
    variables[52] = (variables[0]^^variables[1])^(variables[2] > variables[3]);
    variables[53] = (variables[0]^^(1.0/variables[1]))^(variables[2] > variables[3]);
    variables[54] = (variables[0] < variables[1])^(variables[2]+variables[3]);
    variables[55] = (variables[0] < variables[1])^variables[2];
    variables[56] = (variables[0] < variables[1])^(variables[2]-variables[3]);
    variables[57] = (variables[0] < variables[1])^-variables[2];
    variables[58] = (variables[0] < variables[1])^(variables[2]^^variables[3]);
    variables[59] = (variables[0] < variables[1])^(variables[2]^^(1.0/variables[3]));
    variables[60] = !variables[0];
    variables[61] = variables[0]+variables[1];
    variables[62] = variables[0]+variables[1]+variables[2];
    variables[63] = (variables[0] < variables[1])+(variables[2] > variables[3]);
    variables[64] = variables[0];
    variables[65] = variables[0]-variables[1];
    variables[66] = (variables[0] < variables[1])-(variables[2] > variables[3]);
    variables[67] = (variables[0] < variables[1])-(variables[2]+variables[3]);
    variables[68] = (variables[0] < variables[1])-variables[2];
    variables[69] = -variables[0];
    variables[70] = -(variables[0] < variables[1]);
    variables[71] = variables[0]*variables[1];
    variables[72] = variables[0]*variables[1]*variables[2];
    variables[73] = (variables[0] < variables[1])*(variables[2] > variables[3]);
    variables[74] = (variables[0]+variables[1])*(variables[2] > variables[3]);
    variables[75] = variables[0]*(variables[1] > variables[2]);
    variables[76] = (variables[0]-variables[1])*(variables[2] > variables[3]);
    variables[77] = -variables[0]*(variables[1] > variables[2]);
    variables[78] = (variables[0] < variables[1])*(variables[2]+variables[3]);
    variables[79] = (variables[0] < variables[1])*variables[2];
    variables[80] = (variables[0] < variables[1])*(variables[2]-variables[3]);
    variables[81] = (variables[0] < variables[1])*-variables[2];
    variables[82] = variables[0]/variables[1];
    variables[83] = (variables[0] < variables[1])/(variables[3] > variables[2]);
    variables[84] = (variables[0]+variables[1])/(variables[3] > variables[2]);
    variables[85] = variables[0]/(variables[2] > variables[1]);
    variables[86] = (variables[0]-variables[1])/(variables[3] > variables[2]);
    variables[87] = -variables[0]/(variables[2] > variables[1]);
    variables[88] = (variables[0] < variables[1])/(variables[2]+variables[3]);
    variables[89] = (variables[0] < variables[1])/variables[2];
    variables[90] = (variables[0] < variables[1])/(variables[2]-variables[3]);
    variables[91] = (variables[0] < variables[1])/-variables[2];
    variables[92] = (variables[0] < variables[1])/(variables[2]*variables[3]);
    variables[93] = (variables[0] < variables[1])/(variables[2]/variables[3]);
    variables[94] = sqrt(variables[0]);
    variables[95] = sqr(variables[0]);
    variables[96] = variables[0]^^3.0;
    variables[97] = variables[0]^^variables[1];
    variables[98] = (variables[0] < variables[1])^^(variables[2] > variables[3]);
    variables[99] = (variables[0]+variables[1])^^(variables[2] > variables[3]);
    variables[100] = variables[0]^^(variables[1] > variables[2]);
    variables[101] = (variables[0]-variables[1])^^(variables[2] > variables[3]);
    variables[102] = (-variables[0])^^(variables[1] > variables[2]);
    variables[103] = (variables[0]*variables[1])^^(variables[2] > variables[3]);
    variables[104] = (variables[0]/variables[1])^^(variables[2] > variables[3]);
    variables[105] = (variables[0] < variables[1])^^(variables[2]+variables[3]);
    variables[106] = (variables[0] < variables[1])^^variables[2];
    variables[107] = (variables[0] < variables[1])^^variables[2]-variables[3];
    variables[108] = (variables[0] < variables[1])^^-variables[2];
    variables[109] = (variables[0] < variables[1])^^(variables[2]*variables[3]);
    variables[110] = (variables[0] < variables[1])^^(variables[2]/variables[3]);
    variables[111] = (variables[0] < variables[1])^^(variables[2]^^variables[3]);
    variables[112] = (variables[0] < variables[1])^^(variables[2]^^(1.0/variables[3]));
    variables[113] = sqrt(variables[0]);
    variables[114] = sqrt(variables[0]);
    variables[115] = variables[0]^^(1.0/3.0);
    variables[116] = variables[0]^^(1.0/variables[1]);
    variables[117] = (variables[0] < variables[1])^^(1.0/(variables[3] > variables[2]));
    variables[118] = (variables[0]+variables[1])^^(1.0/(variables[3] > variables[2]));
    variables[119] = variables[0]^^(1.0/(variables[2] > variables[1]));
    variables[120] = (variables[0]-variables[1])^^(1.0/(variables[3] > variables[2]));
    variables[121] = (-variables[0])^^(1.0/(variables[2] > variables[1]));
    variables[122] = (variables[0]*variables[1])^^(1.0/(variables[3] > variables[2]));
    variables[123] = (variables[0]/variables[1])^^(1.0/(variables[3] > variables[2]));
    variables[124] = (variables[0] < variables[1])^^(1.0/(variables[2]+variables[3]));
    variables[125] = (variables[0] < variables[1])^^(1.0/variables[2]);
    variables[126] = (variables[0] < variables[1])^^(1.0/(variables[2]-variables[3]));
    variables[127] = (variables[0] < variables[1])^^(1.0/(-variables[2]));
    variables[128] = (variables[0] < variables[1])^^(1.0/(variables[2]*variables[3]));
    variables[129] = (variables[0] < variables[1])^^(1.0/(variables[2]/variables[3]));
    variables[130] = (variables[0] < variables[1])^^(1.0/(variables[2]^^variables[3]));
    variables[131] = (variables[0] < variables[1])^^(1.0/(variables[2]^^(1.0/variables[3])));
    variables[132] = fabs(variables[0]);
    variables[133] = exp(variables[0]);
    variables[134] = log(variables[0]);
    variables[135] = log10(variables[0]);
    variables[136] = log(variables[0])/log(2.0);
    variables[137] = log10(variables[0]);
    variables[138] = log(variables[0])/log(variables[1]);
    variables[139] = ceil(variables[0]);
    variables[140] = floor(variables[0]);
    variables[141] = min(variables[0], variables[1]);
    variables[142] = min(variables[0], min(variables[1], variables[2]));
    variables[143] = max(variables[0], variables[1]);
    variables[144] = max(variables[0], max(variables[1], variables[2]));
    variables[145] = fmod(variables[0], variables[1]);
    variables[146] = sin(variables[0]);
    variables[147] = cos(variables[0]);
    variables[148] = tan(variables[0]);
    variables[149] = sec(variables[0]);
    variables[150] = csc(variables[0]);
    variables[151] = cot(variables[0]);
    variables[152] = sinh(variables[0]);
    variables[153] = cosh(variables[0]);
    variables[154] = tanh(variables[0]);
    variables[155] = sech(variables[0]);
    variables[156] = csch(variables[0]);
    variables[157] = coth(variables[0]);
    variables[158] = asin(variables[0]);
    variables[159] = acos(variables[0]);
    variables[160] = atan(variables[0]);
    variables[161] = asec(variables[0]);
    variables[162] = acsc(variables[0]);
    variables[163] = acot(variables[0]);
    variables[164] = asinh(variables[0]);
    variables[165] = acosh(variables[0]);
    variables[166] = atanh(variables[0]/2.0);
    variables[167] = asech(variables[0]);
    variables[168] = acsch(variables[0]);
    variables[169] = acoth(2.0*variables[0]);
    variables[170] = piecewise(variables[0] > variables[1], variables[0], NAN);
    variables[171] = piecewise(variables[0] > variables[1], variables[0], variables[2]);
    variables[172] = piecewise(variables[0] > variables[1], variables[0], piecewise(variables[2] > variables[3], variables[2], piecewise(variables[4] > variables[5], variables[4], NAN)));
    variables[173] = piecewise(variables[0] > variables[1], variables[0], piecewise(variables[2] > variables[3], variables[2], piecewise(variables[4] > variables[5], variables[4], variables[6])));
    variables[174] = 123.0+piecewise(variables[0] > variables[1], variables[0], NAN);
    variables[179] = variables[0];
}

void computeRates(double voi, double *states, double *rates, double *variables)
{
    rates[0] = 1.0;
}

// We should have computeVariables() here, but we replaced it with this comment
// and no code template that can be replaced so that our replace() method can
// is forced to return an empty string, ensuring 100% coverage using llvm-cov...
